// Jest Snapshot v1, https://goo.gl/fbAQLP

exports[`snapshot:name 없음 1`] = `
<button>
  login
</button>
`;

exports[`snapshot:name 있음 1`] = `
<div>
  hello
</div>
`;
